{
  "version": "1.5.0",
  "plugins_used": [
    {
      "name": "ArtifactoryDetector"
    },
    {
      "name": "AWSKeyDetector"
    },
    {
      "name": "AzureStorageKeyDetector"
    },
    {
      "name": "Base64HighEntropyString",
      "limit": 4.5
    },
    {
      "name": "BasicAuthDetector"
    },
    {
      "name": "CloudantDetector"
    },
    {
      "name": "DiscordBotTokenDetector"
    },
    {
      "name": "GitHubTokenDetector"
    },
    {
      "name": "GitLabTokenDetector"
    },
    {
      "name": "HexHighEntropyString",
      "limit": 3.0
    },
    {
      "name": "IbmCloudIamDetector"
    },
    {
      "name": "IbmCosHmacDetector"
    },
    {
      "name": "IPPublicDetector"
    },
    {
      "name": "JwtTokenDetector"
    },
    {
      "name": "KeywordDetector",
      "keyword_exclude": ""
    },
    {
      "name": "MailchimpDetector"
    },
    {
      "name": "NpmDetector"
    },
    {
      "name": "OpenAIDetector"
    },
    {
      "name": "PrivateKeyDetector"
    },
    {
      "name": "PypiTokenDetector"
    },
    {
      "name": "SendGridDetector"
    },
    {
      "name": "SlackDetector"
    },
    {
      "name": "SoftlayerDetector"
    },
    {
      "name": "SquareOAuthDetector"
    },
    {
      "name": "StripeDetector"
    },
    {
      "name": "TelegramBotTokenDetector"
    },
    {
      "name": "TwilioKeyDetector"
    }
  ],
  "filters_used": [
    {
      "path": "detect_secrets.filters.allowlist.is_line_allowlisted"
    },
    {
      "path": "detect_secrets.filters.common.is_baseline_file",
      "filename": ".secrets.baseline"
    },
    {
      "path": "detect_secrets.filters.common.is_ignored_due_to_verification_policies",
      "min_level": 2
    },
    {
      "path": "detect_secrets.filters.heuristic.is_indirect_reference"
    },
    {
      "path": "detect_secrets.filters.heuristic.is_likely_id_string"
    },
    {
      "path": "detect_secrets.filters.heuristic.is_lock_file"
    },
    {
      "path": "detect_secrets.filters.heuristic.is_not_alphanumeric_string"
    },
    {
      "path": "detect_secrets.filters.heuristic.is_potential_uuid"
    },
    {
      "path": "detect_secrets.filters.heuristic.is_prefixed_with_dollar_sign"
    },
    {
      "path": "detect_secrets.filters.heuristic.is_sequential_string"
    },
    {
      "path": "detect_secrets.filters.heuristic.is_swagger_file"
    },
    {
      "path": "detect_secrets.filters.heuristic.is_templated_secret"
    }
  ],
  "results": {
    "README.md": [
      {
        "type": "Secret Keyword",
        "filename": "README.md",
        "hashed_secret": "3fa1a3c8a624c0c9cf5d575b9649a1136d678dc3",
        "is_verified": false,
        "line_number": 170
      },
      {
        "type": "Secret Keyword",
        "filename": "README.md",
        "hashed_secret": "c6308e67dd87e4d2f33d5ebf96cc7814cb845e9a",
        "is_verified": false,
        "line_number": 171
      },
      {
        "type": "Secret Keyword",
        "filename": "README.md",
        "hashed_secret": "30f0b08955d904d56d182c7f70373777d07967c3",
        "is_verified": false,
        "line_number": 172
      }
    ],
    "examples/aws-aurora-mysql/terraform.tfvars.example": [
      {
        "type": "Secret Keyword",
        "filename": "examples/aws-aurora-mysql/terraform.tfvars.example",
        "hashed_secret": "9f49805e81a142c6e07847541bb49190a0c1cea3",
        "is_verified": false,
        "line_number": 28
      },
      {
        "type": "Secret Keyword",
        "filename": "examples/aws-aurora-mysql/terraform.tfvars.example",
        "hashed_secret": "4c8735361403601829777f7aab7aab1a18f945d0",
        "is_verified": false,
        "line_number": 43
      },
      {
        "type": "Secret Keyword",
        "filename": "examples/aws-aurora-mysql/terraform.tfvars.example",
        "hashed_secret": "f4a620b9ccc609e2d15f066b73ec53258eb628a2",
        "is_verified": false,
        "line_number": 45
      },
      {
        "type": "Secret Keyword",
        "filename": "examples/aws-aurora-mysql/terraform.tfvars.example",
        "hashed_secret": "6d1bd165cead7cd260723cfa6c3d048735d43bea",
        "is_verified": false,
        "line_number": 59
      }
    ],
    "examples/aws-aurora-postgresql/README.md": [
      {
        "type": "Secret Keyword",
        "filename": "examples/aws-aurora-postgresql/README.md",
        "hashed_secret": "a6778f1880744bd1a342a8e3789135412d8f9da2",
        "is_verified": false,
        "line_number": 87
      },
      {
        "type": "Secret Keyword",
        "filename": "examples/aws-aurora-postgresql/README.md",
        "hashed_secret": "727981def71c4ac4036f7b78479fc9c3b2487032",
        "is_verified": false,
        "line_number": 96
      },
      {
        "type": "Secret Keyword",
        "filename": "examples/aws-aurora-postgresql/README.md",
        "hashed_secret": "c303df00cd0a72b21c62900b758b06fc541664ce",
        "is_verified": false,
        "line_number": 97
      },
      {
        "type": "Secret Keyword",
        "filename": "examples/aws-aurora-postgresql/README.md",
        "hashed_secret": "77ad5af23be58b34960ba8efa340bc018a48e120",
        "is_verified": false,
        "line_number": 100
      }
    ],
    "examples/aws-aurora-postgresql/terraform.tfvars.example": [
      {
        "type": "Secret Keyword",
        "filename": "examples/aws-aurora-postgresql/terraform.tfvars.example",
        "hashed_secret": "809c1451ea1c70c4025540c6469d81cc5e9d6c62",
        "is_verified": false,
        "line_number": 32
      },
      {
        "type": "Secret Keyword",
        "filename": "examples/aws-aurora-postgresql/terraform.tfvars.example",
        "hashed_secret": "6d1bd165cead7cd260723cfa6c3d048735d43bea",
        "is_verified": false,
        "line_number": 58
      },
      {
        "type": "Secret Keyword",
        "filename": "examples/aws-aurora-postgresql/terraform.tfvars.example",
        "hashed_secret": "31ffa532ea5616a799e8b970552806608df66efd",
        "is_verified": false,
        "line_number": 73
      },
      {
        "type": "Secret Keyword",
        "filename": "examples/aws-aurora-postgresql/terraform.tfvars.example",
        "hashed_secret": "f4a620b9ccc609e2d15f066b73ec53258eb628a2",
        "is_verified": false,
        "line_number": 80
      }
    ],
    "examples/aws-dynamodb/README.md": [
      {
        "type": "Secret Keyword",
        "filename": "examples/aws-dynamodb/README.md",
        "hashed_secret": "45d676e7c6ab44cf4b8fa366ef2d8fccd3e6d6e6",
        "is_verified": false,
        "line_number": 181
      },
      {
        "type": "Secret Keyword",
        "filename": "examples/aws-dynamodb/README.md",
        "hashed_secret": "c303df00cd0a72b21c62900b758b06fc541664ce",
        "is_verified": false,
        "line_number": 183
      },
      {
        "type": "Secret Keyword",
        "filename": "examples/aws-dynamodb/README.md",
        "hashed_secret": "ab638fe1bd6b23139ef491e379e771ec4c3baa98",
        "is_verified": false,
        "line_number": 186
      },
      {
        "type": "Secret Keyword",
        "filename": "examples/aws-dynamodb/README.md",
        "hashed_secret": "c6308e67dd87e4d2f33d5ebf96cc7814cb845e9a",
        "is_verified": false,
        "line_number": 187
      },
      {
        "type": "Secret Keyword",
        "filename": "examples/aws-dynamodb/README.md",
        "hashed_secret": "30f0b08955d904d56d182c7f70373777d07967c3",
        "is_verified": false,
        "line_number": 188
      }
    ],
    "examples/aws-dynamodb/main.tf": [
      {
        "type": "Secret Keyword",
        "filename": "examples/aws-dynamodb/main.tf",
        "hashed_secret": "390c5658d1998215e69a2710007310b99724d237",
        "is_verified": false,
        "line_number": 25
      }
    ],
    "examples/aws-dynamodb/terraform.tfvars.example": [
      {
        "type": "Secret Keyword",
        "filename": "examples/aws-dynamodb/terraform.tfvars.example",
        "hashed_secret": "5baa61e4c9b93f3f0682250b6cf8331b7ee68fd8",
        "is_verified": false,
        "line_number": 34
      },
      {
        "type": "Secret Keyword",
        "filename": "examples/aws-dynamodb/terraform.tfvars.example",
        "hashed_secret": "a0281cd072cea8e80e7866b05dc124815760b6c9",
        "is_verified": false,
        "line_number": 36
      },
      {
        "type": "Secret Keyword",
        "filename": "examples/aws-dynamodb/terraform.tfvars.example",
        "hashed_secret": "ab638fe1bd6b23139ef491e379e771ec4c3baa98",
        "is_verified": false,
        "line_number": 41
      },
      {
        "type": "Secret Keyword",
        "filename": "examples/aws-dynamodb/terraform.tfvars.example",
        "hashed_secret": "c6308e67dd87e4d2f33d5ebf96cc7814cb845e9a",
        "is_verified": false,
        "line_number": 42
      },
      {
        "type": "Secret Keyword",
        "filename": "examples/aws-dynamodb/terraform.tfvars.example",
        "hashed_secret": "30f0b08955d904d56d182c7f70373777d07967c3",
        "is_verified": false,
        "line_number": 43
      }
    ],
    "examples/aws-elasticache-redis/README.md": [
      {
        "type": "Secret Keyword",
        "filename": "examples/aws-elasticache-redis/README.md",
        "hashed_secret": "727981def71c4ac4036f7b78479fc9c3b2487032",
        "is_verified": false,
        "line_number": 54
      },
      {
        "type": "Secret Keyword",
        "filename": "examples/aws-elasticache-redis/README.md",
        "hashed_secret": "34e8ac632369e74afb72cc0c7838f1c313facce5",
        "is_verified": false,
        "line_number": 56
      }
    ],
    "examples/aws-elasticache-redis/terraform.tfvars.example": [
      {
        "type": "Secret Keyword",
        "filename": "examples/aws-elasticache-redis/terraform.tfvars.example",
        "hashed_secret": "e8d4a2f731a2b37fcb169639d14ccb9350952d59",
        "is_verified": false,
        "line_number": 15
      }
    ],
    "examples/aws-neptune/README.md": [
      {
        "type": "Base64 High Entropy String",
        "filename": "examples/aws-neptune/README.md",
        "hashed_secret": "ce41930174569cd2b0ac696ef6d854df71418547",
        "is_verified": false,
        "line_number": 159
      },
      {
        "type": "Secret Keyword",
        "filename": "examples/aws-neptune/README.md",
        "hashed_secret": "ce41930174569cd2b0ac696ef6d854df71418547",
        "is_verified": false,
        "line_number": 159
      },
      {
        "type": "Secret Keyword",
        "filename": "examples/aws-neptune/README.md",
        "hashed_secret": "6e809c1f598d2365e77902566f85dd0d292d6553",
        "is_verified": false,
        "line_number": 162
      },
      {
        "type": "Secret Keyword",
        "filename": "examples/aws-neptune/README.md",
        "hashed_secret": "6d201723a3e3ae6c38ef861ca51c5dd72931e850",
        "is_verified": false,
        "line_number": 188
      }
    ],
    "examples/aws-neptune/terraform.tfvars.example": [
      {
        "type": "Secret Keyword",
        "filename": "examples/aws-neptune/terraform.tfvars.example",
        "hashed_secret": "3f38f1237f9885b5d2cef1134268f45713887615",
        "is_verified": false,
        "line_number": 22
      },
      {
        "type": "Secret Keyword",
        "filename": "examples/aws-neptune/terraform.tfvars.example",
        "hashed_secret": "89f422e40f8673f96b70c7a4cd429cc5fba9e997",
        "is_verified": false,
        "line_number": 36
      },
      {
        "type": "Secret Keyword",
        "filename": "examples/aws-neptune/terraform.tfvars.example",
        "hashed_secret": "727981def71c4ac4036f7b78479fc9c3b2487032",
        "is_verified": false,
        "line_number": 51
      },
      {
        "type": "Secret Keyword",
        "filename": "examples/aws-neptune/terraform.tfvars.example",
        "hashed_secret": "c303df00cd0a72b21c62900b758b06fc541664ce",
        "is_verified": false,
        "line_number": 55
      },
      {
        "type": "Secret Keyword",
        "filename": "examples/aws-neptune/terraform.tfvars.example",
        "hashed_secret": "77ad5af23be58b34960ba8efa340bc018a48e120",
        "is_verified": false,
        "line_number": 69
      },
      {
        "type": "Secret Keyword",
        "filename": "examples/aws-neptune/terraform.tfvars.example",
        "hashed_secret": "6d201723a3e3ae6c38ef861ca51c5dd72931e850",
        "is_verified": false,
        "line_number": 104
      },
      {
        "type": "Secret Keyword",
        "filename": "examples/aws-neptune/terraform.tfvars.example",
        "hashed_secret": "5fc21d7014dc34f058162ab0a8daf8559b909404",
        "is_verified": false,
        "line_number": 108
      },
      {
        "type": "Secret Keyword",
        "filename": "examples/aws-neptune/terraform.tfvars.example",
        "hashed_secret": "d00d79e2d01e9e5d68aa2a66f2c238c352d894f7",
        "is_verified": false,
        "line_number": 114
      }
    ],
    "examples/aws-oracle/README.md": [
      {
        "type": "Secret Keyword",
        "filename": "examples/aws-oracle/README.md",
        "hashed_secret": "a6778f1880744bd1a342a8e3789135412d8f9da2",
        "is_verified": false,
        "line_number": 141
      },
      {
        "type": "Secret Keyword",
        "filename": "examples/aws-oracle/README.md",
        "hashed_secret": "727981def71c4ac4036f7b78479fc9c3b2487032",
        "is_verified": false,
        "line_number": 150
      },
      {
        "type": "Secret Keyword",
        "filename": "examples/aws-oracle/README.md",
        "hashed_secret": "c303df00cd0a72b21c62900b758b06fc541664ce",
        "is_verified": false,
        "line_number": 151
      },
      {
        "type": "Secret Keyword",
        "filename": "examples/aws-oracle/README.md",
        "hashed_secret": "77ad5af23be58b34960ba8efa340bc018a48e120",
        "is_verified": false,
        "line_number": 154
      }
    ],
    "examples/aws-oracle/terraform.tfvars.example": [
      {
        "type": "Secret Keyword",
        "filename": "examples/aws-oracle/terraform.tfvars.example",
        "hashed_secret": "809c1451ea1c70c4025540c6469d81cc5e9d6c62",
        "is_verified": false,
        "line_number": 35
      },
      {
        "type": "Secret Keyword",
        "filename": "examples/aws-oracle/terraform.tfvars.example",
        "hashed_secret": "6d1bd165cead7cd260723cfa6c3d048735d43bea",
        "is_verified": false,
        "line_number": 53
      },
      {
        "type": "Secret Keyword",
        "filename": "examples/aws-oracle/terraform.tfvars.example",
        "hashed_secret": "31ffa532ea5616a799e8b970552806608df66efd",
        "is_verified": false,
        "line_number": 68
      },
      {
        "type": "Secret Keyword",
        "filename": "examples/aws-oracle/terraform.tfvars.example",
        "hashed_secret": "f4a620b9ccc609e2d15f066b73ec53258eb628a2",
        "is_verified": false,
        "line_number": 75
      }
    ],
    "examples/aws-rds-documentdb/README.md": [
      {
        "type": "Secret Keyword",
        "filename": "examples/aws-rds-documentdb/README.md",
        "hashed_secret": "a6778f1880744bd1a342a8e3789135412d8f9da2",
        "is_verified": false,
        "line_number": 155
      },
      {
        "type": "Secret Keyword",
        "filename": "examples/aws-rds-documentdb/README.md",
        "hashed_secret": "c915478699f2d917dbf2f06e136d868b1559f535",
        "is_verified": false,
        "line_number": 165
      },
      {
        "type": "Secret Keyword",
        "filename": "examples/aws-rds-documentdb/README.md",
        "hashed_secret": "8ddc87dfa932db91c484fbbcf4f95d13a1d5cc80",
        "is_verified": false,
        "line_number": 166
      },
      {
        "type": "Secret Keyword",
        "filename": "examples/aws-rds-documentdb/README.md",
        "hashed_secret": "0069e306b08c82ed31e472682b4698587ac59913",
        "is_verified": false,
        "line_number": 170
      }
    ],
    "examples/aws-rds-documentdb/terraform.tfvars.example": [
      {
        "type": "Secret Keyword",
        "filename": "examples/aws-rds-documentdb/terraform.tfvars.example",
        "hashed_secret": "4d0d3c53f51abc7660789000a958332860aa8280",
        "is_verified": false,
        "line_number": 39
      },
      {
        "type": "Secret Keyword",
        "filename": "examples/aws-rds-documentdb/terraform.tfvars.example",
        "hashed_secret": "e5e60924bc4db69195b34962d4c9cabf89206716",
        "is_verified": false,
        "line_number": 52
      },
      {
        "type": "Secret Keyword",
        "filename": "examples/aws-rds-documentdb/terraform.tfvars.example",
        "hashed_secret": "786e8fea49eeac36c6e4583c4116ed127e0e5b07",
        "is_verified": false,
        "line_number": 62
      },
      {
        "type": "Secret Keyword",
        "filename": "examples/aws-rds-documentdb/terraform.tfvars.example",
        "hashed_secret": "34e8ac632369e74afb72cc0c7838f1c313facce5",
        "is_verified": false,
        "line_number": 67
      },
      {
        "type": "Secret Keyword",
        "filename": "examples/aws-rds-documentdb/terraform.tfvars.example",
        "hashed_secret": "a2eccd57a39ac2152b960b3ca46ccc4228b8f7d7",
        "is_verified": false,
        "line_number": 98
      }
    ],
    "examples/aws-rds-mariadb/README.md": [
      {
        "type": "Secret Keyword",
        "filename": "examples/aws-rds-mariadb/README.md",
        "hashed_secret": "a6778f1880744bd1a342a8e3789135412d8f9da2",
        "is_verified": false,
        "line_number": 48
      },
      {
        "type": "Secret Keyword",
        "filename": "examples/aws-rds-mariadb/README.md",
        "hashed_secret": "611126e9fd55c4aee7dadc8ef0277579db4a89e0",
        "is_verified": false,
        "line_number": 52
      },
      {
        "type": "Secret Keyword",
        "filename": "examples/aws-rds-mariadb/README.md",
        "hashed_secret": "522fa71105436c596f932789f9191ec821230d6d",
        "is_verified": false,
        "line_number": 61
      },
      {
        "type": "Secret Keyword",
        "filename": "examples/aws-rds-mariadb/README.md",
        "hashed_secret": "c303df00cd0a72b21c62900b758b06fc541664ce",
        "is_verified": false,
        "line_number": 63
      }
    ],
    "examples/aws-rds-mariadb/terraform.tfvars.example": [
      {
        "type": "Secret Keyword",
        "filename": "examples/aws-rds-mariadb/terraform.tfvars.example",
        "hashed_secret": "2287c68bfa4f6f37989a0aa44956b0429d218c01",
        "is_verified": false,
        "line_number": 23
      },
      {
        "type": "Secret Keyword",
        "filename": "examples/aws-rds-mariadb/terraform.tfvars.example",
        "hashed_secret": "78a65441b3747af3979f0dde82abe6a1ac9eb16d",
        "is_verified": false,
        "line_number": 31
      },
      {
        "type": "Secret Keyword",
        "filename": "examples/aws-rds-mariadb/terraform.tfvars.example",
        "hashed_secret": "e5fdbd3dc6bebbf68f9a56cb3038c6e9e487b460",
        "is_verified": false,
        "line_number": 49
      },
      {
        "type": "Secret Keyword",
        "filename": "examples/aws-rds-mariadb/terraform.tfvars.example",
        "hashed_secret": "a78391b7d1be23c4410316368eb02e110618f98c",
        "is_verified": false,
        "line_number": 53
      }
    ],
    "examples/aws-rds-mysql/README.md": [
      {
        "type": "Secret Keyword",
        "filename": "examples/aws-rds-mysql/README.md",
        "hashed_secret": "2287c68bfa4f6f37989a0aa44956b0429d218c01",
        "is_verified": false,
        "line_number": 240
      },
      {
        "type": "Secret Keyword",
        "filename": "examples/aws-rds-mysql/README.md",
        "hashed_secret": "78a65441b3747af3979f0dde82abe6a1ac9eb16d",
        "is_verified": false,
        "line_number": 244
      },
      {
        "type": "Secret Keyword",
        "filename": "examples/aws-rds-mysql/README.md",
        "hashed_secret": "e5fdbd3dc6bebbf68f9a56cb3038c6e9e487b460",
        "is_verified": false,
        "line_number": 255
      },
      {
        "type": "Secret Keyword",
        "filename": "examples/aws-rds-mysql/README.md",
        "hashed_secret": "a78391b7d1be23c4410316368eb02e110618f98c",
        "is_verified": false,
        "line_number": 257
      },
      {
        "type": "Secret Keyword",
        "filename": "examples/aws-rds-mysql/README.md",
        "hashed_secret": "33259bdfbb3fe0f029237ed91e360bb9ca54ca7f",
        "is_verified": false,
        "line_number": 494
      }
    ],
    "examples/aws-rds-mysql/terraform.tfvars.example": [
      {
        "type": "Secret Keyword",
        "filename": "examples/aws-rds-mysql/terraform.tfvars.example",
        "hashed_secret": "2287c68bfa4f6f37989a0aa44956b0429d218c01",
        "is_verified": false,
        "line_number": 28
      },
      {
        "type": "Secret Keyword",
        "filename": "examples/aws-rds-mysql/terraform.tfvars.example",
        "hashed_secret": "78a65441b3747af3979f0dde82abe6a1ac9eb16d",
        "is_verified": false,
        "line_number": 36
      },
      {
        "type": "Secret Keyword",
        "filename": "examples/aws-rds-mysql/terraform.tfvars.example",
        "hashed_secret": "e5fdbd3dc6bebbf68f9a56cb3038c6e9e487b460",
        "is_verified": false,
        "line_number": 57
      },
      {
        "type": "Secret Keyword",
        "filename": "examples/aws-rds-mysql/terraform.tfvars.example",
        "hashed_secret": "a78391b7d1be23c4410316368eb02e110618f98c",
        "is_verified": false,
        "line_number": 61
      }
    ],
    "examples/aws-rds-postgresql/README.md": [
      {
        "type": "Secret Keyword",
        "filename": "examples/aws-rds-postgresql/README.md",
        "hashed_secret": "2287c68bfa4f6f37989a0aa44956b0429d218c01",
        "is_verified": false,
        "line_number": 203
      },
      {
        "type": "Secret Keyword",
        "filename": "examples/aws-rds-postgresql/README.md",
        "hashed_secret": "5baa61e4c9b93f3f0682250b6cf8331b7ee68fd8",
        "is_verified": false,
        "line_number": 218
      }
    ],
    "examples/aws-rds-postgresql/terraform.tfvars.example": [
      {
        "type": "Secret Keyword",
        "filename": "examples/aws-rds-postgresql/terraform.tfvars.example",
        "hashed_secret": "2287c68bfa4f6f37989a0aa44956b0429d218c01",
        "is_verified": false,
        "line_number": 22
      },
      {
        "type": "Secret Keyword",
        "filename": "examples/aws-rds-postgresql/terraform.tfvars.example",
        "hashed_secret": "5baa61e4c9b93f3f0682250b6cf8331b7ee68fd8",
        "is_verified": false,
        "line_number": 48
      }
    ],
    "examples/aws-rds-sql-server/README.md": [
      {
        "type": "Secret Keyword",
        "filename": "examples/aws-rds-sql-server/README.md",
        "hashed_secret": "9c1bb837ae806cdc1d2372533725910b96e0cbdd",
        "is_verified": false,
        "line_number": 115
      },
      {
        "type": "Secret Keyword",
        "filename": "examples/aws-rds-sql-server/README.md",
        "hashed_secret": "77ad5af23be58b34960ba8efa340bc018a48e120",
        "is_verified": false,
        "line_number": 119
      },
      {
        "type": "Secret Keyword",
        "filename": "examples/aws-rds-sql-server/README.md",
        "hashed_secret": "727981def71c4ac4036f7b78479fc9c3b2487032",
        "is_verified": false,
        "line_number": 129
      },
      {
        "type": "Secret Keyword",
        "filename": "examples/aws-rds-sql-server/README.md",
        "hashed_secret": "34e8ac632369e74afb72cc0c7838f1c313facce5",
        "is_verified": false,
        "line_number": 130
      },
      {
        "type": "Secret Keyword",
        "filename": "examples/aws-rds-sql-server/README.md",
        "hashed_secret": "cfda0fdb8177c5341e3f03c98c7e9be399247869",
        "is_verified": false,
        "line_number": 409
      },
      {
        "type": "Secret Keyword",
        "filename": "examples/aws-rds-sql-server/README.md",
        "hashed_secret": "1c592fbe86250f0756faf692144a20025f71ab81",
        "is_verified": false,
        "line_number": 428
      },
      {
        "type": "Secret Keyword",
        "filename": "examples/aws-rds-sql-server/README.md",
        "hashed_secret": "26ca6f2afb07d0d22f8e4f909a7f33b8e501dbda",
        "is_verified": false,
        "line_number": 496
      },
      {
        "type": "Secret Keyword",
        "filename": "examples/aws-rds-sql-server/README.md",
        "hashed_secret": "54807ffaf5d40ecce0376e68a161fc1b89527774",
        "is_verified": false,
        "line_number": 497
      }
    ],
    "examples/aws-rds-sql-server/terraform.tfvars.example": [
      {
        "type": "Secret Keyword",
        "filename": "examples/aws-rds-sql-server/terraform.tfvars.example",
        "hashed_secret": "a988f426a288795d57b933c78fa9772cebac5b75",
        "is_verified": false,
        "line_number": 27
      },
      {
        "type": "Secret Keyword",
        "filename": "examples/aws-rds-sql-server/terraform.tfvars.example",
        "hashed_secret": "6d1bd165cead7cd260723cfa6c3d048735d43bea",
        "is_verified": false,
        "line_number": 33
      },
      {
        "type": "Secret Keyword",
        "filename": "examples/aws-rds-sql-server/terraform.tfvars.example",
        "hashed_secret": "31ffa532ea5616a799e8b970552806608df66efd",
        "is_verified": false,
        "line_number": 50
      },
      {
        "type": "Secret Keyword",
        "filename": "examples/aws-rds-sql-server/terraform.tfvars.example",
        "hashed_secret": "f4a620b9ccc609e2d15f066b73ec53258eb628a2",
        "is_verified": false,
        "line_number": 54
      },
      {
        "type": "Secret Keyword",
        "filename": "examples/aws-rds-sql-server/terraform.tfvars.example",
        "hashed_secret": "b0cae7423e9c15d20cb699e64a9ebf9724c59816",
        "is_verified": false,
        "line_number": 93
      },
      {
        "type": "Secret Keyword",
        "filename": "examples/aws-rds-sql-server/terraform.tfvars.example",
        "hashed_secret": "b58f22868f481de64754b73f531958338e98534b",
        "is_verified": false,
        "line_number": 94
      },
      {
        "type": "Secret Keyword",
        "filename": "examples/aws-rds-sql-server/terraform.tfvars.example",
        "hashed_secret": "f03702edbe2c60a8b689a9943d717418848050b5",
        "is_verified": false,
        "line_number": 96
      }
    ],
    "examples/aws-redshift/README.md": [
      {
        "type": "Secret Keyword",
        "filename": "examples/aws-redshift/README.md",
        "hashed_secret": "564e340cd48437d2dfe876ee154cc99dc4d0d137",
        "is_verified": false,
        "line_number": 46
      },
      {
        "type": "Secret Keyword",
        "filename": "examples/aws-redshift/README.md",
        "hashed_secret": "0d1ba0da3e84e54f29846c93c43182eede365858",
        "is_verified": false,
        "line_number": 48
      }
    ],
    "examples/aws-redshift/outputs.tf": [
      {
        "type": "Secret Keyword",
        "filename": "examples/aws-redshift/outputs.tf",
        "hashed_secret": "c35bdb821a941808a150db95d0f934f449bbff17",
        "is_verified": false,
        "line_number": 82
      }
    ],
    "examples/aws-redshift/terraform.tfvars.example": [
      {
        "type": "Secret Keyword",
        "filename": "examples/aws-redshift/terraform.tfvars.example",
        "hashed_secret": "a6834f7dcc30475f21dbc4dcec7e6afafab993c1",
        "is_verified": false,
        "line_number": 36
      },
      {
        "type": "Secret Keyword",
        "filename": "examples/aws-redshift/terraform.tfvars.example",
        "hashed_secret": "04a36ce3f1c3cf183b74b33486ecab4f805b2600",
        "is_verified": false,
        "line_number": 51
      },
      {
        "type": "Secret Keyword",
        "filename": "examples/aws-redshift/terraform.tfvars.example",
        "hashed_secret": "b8dba3b5895c999ceded6e46f427fdf1cce6fbb1",
        "is_verified": false,
        "line_number": 66
      },
      {
        "type": "Secret Keyword",
        "filename": "examples/aws-redshift/terraform.tfvars.example",
        "hashed_secret": "a78391b7d1be23c4410316368eb02e110618f98c",
        "is_verified": false,
        "line_number": 70
      }
    ],
    "examples/azure-cosmos/README.md": [
      {
        "type": "Secret Keyword",
        "filename": "examples/azure-cosmos/README.md",
        "hashed_secret": "e5fdbd3dc6bebbf68f9a56cb3038c6e9e487b460",
        "is_verified": false,
        "line_number": 213
      },
      {
        "type": "Secret Keyword",
        "filename": "examples/azure-cosmos/README.md",
        "hashed_secret": "c303df00cd0a72b21c62900b758b06fc541664ce",
        "is_verified": false,
        "line_number": 215
      },
      {
        "type": "Secret Keyword",
        "filename": "examples/azure-cosmos/README.md",
        "hashed_secret": "adaae2206cf28d0f2c641d8acfbb6bd925346cab",
        "is_verified": false,
        "line_number": 376
      },
      {
        "type": "Secret Keyword",
        "filename": "examples/azure-cosmos/README.md",
        "hashed_secret": "16cafcfa0da3136d7d4bb0ab754ba06bdffa1c3d",
        "is_verified": false,
        "line_number": 581
      }
    ],
    "examples/azure-cosmos/terraform.tfvars.example": [
      {
        "type": "Secret Keyword",
        "filename": "examples/azure-cosmos/terraform.tfvars.example",
        "hashed_secret": "16cafcfa0da3136d7d4bb0ab754ba06bdffa1c3d",
        "is_verified": false,
        "line_number": 70
      },
      {
        "type": "Secret Keyword",
        "filename": "examples/azure-cosmos/terraform.tfvars.example",
        "hashed_secret": "e5fdbd3dc6bebbf68f9a56cb3038c6e9e487b460",
        "is_verified": false,
        "line_number": 78
      },
      {
        "type": "Secret Keyword",
        "filename": "examples/azure-cosmos/terraform.tfvars.example",
        "hashed_secret": "96803f986370bfb425547ccb743b2e6a2a2ce696",
        "is_verified": false,
        "line_number": 80
      }
    ],
    "examples/azure-mysql/README.md": [
      {
        "type": "Secret Keyword",
        "filename": "examples/azure-mysql/README.md",
        "hashed_secret": "4d0d3c53f51abc7660789000a958332860aa8280",
        "is_verified": false,
        "line_number": 192
      },
      {
        "type": "Secret Keyword",
        "filename": "examples/azure-mysql/README.md",
        "hashed_secret": "e5fdbd3dc6bebbf68f9a56cb3038c6e9e487b460",
        "is_verified": false,
        "line_number": 201
      },
      {
        "type": "Secret Keyword",
        "filename": "examples/azure-mysql/README.md",
        "hashed_secret": "c303df00cd0a72b21c62900b758b06fc541664ce",
        "is_verified": false,
        "line_number": 203
      }
    ],
    "examples/azure-mysql/terraform.tfvars.example": [
      {
        "type": "Secret Keyword",
        "filename": "examples/azure-mysql/terraform.tfvars.example",
        "hashed_secret": "4d0d3c53f51abc7660789000a958332860aa8280",
        "is_verified": false,
        "line_number": 59
      },
      {
        "type": "Secret Keyword",
        "filename": "examples/azure-mysql/terraform.tfvars.example",
        "hashed_secret": "ab22609543afd69f321907180d47bd82ca558c05",
        "is_verified": false,
        "line_number": 65
      },
      {
        "type": "Secret Keyword",
        "filename": "examples/azure-mysql/terraform.tfvars.example",
        "hashed_secret": "e5fdbd3dc6bebbf68f9a56cb3038c6e9e487b460",
        "is_verified": false,
        "line_number": 73
      },
      {
        "type": "Secret Keyword",
        "filename": "examples/azure-mysql/terraform.tfvars.example",
        "hashed_secret": "96803f986370bfb425547ccb743b2e6a2a2ce696",
        "is_verified": false,
        "line_number": 75
      }
    ],
    "examples/onprem-mysql/README.md": [
      {
        "type": "Secret Keyword",
        "filename": "examples/onprem-mysql/README.md",
        "hashed_secret": "d50f8e87edb55ef1cbdb50ad7c9d3f0e3e5d8c46",
        "is_verified": false,
        "line_number": 179
      },
      {
        "type": "Secret Keyword",
        "filename": "examples/onprem-mysql/README.md",
        "hashed_secret": "77ad5af23be58b34960ba8efa340bc018a48e120",
        "is_verified": false,
        "line_number": 183
      },
      {
        "type": "Secret Keyword",
        "filename": "examples/onprem-mysql/README.md",
        "hashed_secret": "727981def71c4ac4036f7b78479fc9c3b2487032",
        "is_verified": false,
        "line_number": 188
      },
      {
        "type": "Secret Keyword",
        "filename": "examples/onprem-mysql/README.md",
        "hashed_secret": "34e8ac632369e74afb72cc0c7838f1c313facce5",
        "is_verified": false,
        "line_number": 190
      }
    ],
    "examples/onprem-mysql/terraform.tfvars.example": [
      {
        "type": "Secret Keyword",
        "filename": "examples/onprem-mysql/terraform.tfvars.example",
        "hashed_secret": "d50f8e87edb55ef1cbdb50ad7c9d3f0e3e5d8c46",
        "is_verified": false,
        "line_number": 16
      },
      {
        "type": "Secret Keyword",
        "filename": "examples/onprem-mysql/terraform.tfvars.example",
        "hashed_secret": "77ad5af23be58b34960ba8efa340bc018a48e120",
        "is_verified": false,
        "line_number": 23
      },
      {
        "type": "Secret Keyword",
        "filename": "examples/onprem-mysql/terraform.tfvars.example",
        "hashed_secret": "727981def71c4ac4036f7b78479fc9c3b2487032",
        "is_verified": false,
        "line_number": 30
      },
      {
        "type": "Secret Keyword",
        "filename": "examples/onprem-mysql/terraform.tfvars.example",
        "hashed_secret": "34e8ac632369e74afb72cc0c7838f1c313facce5",
        "is_verified": false,
        "line_number": 32
      }
    ],
    "examples/onprem-postgresql/README.md": [
      {
        "type": "Secret Keyword",
        "filename": "examples/onprem-postgresql/README.md",
        "hashed_secret": "2f1aa1e2a58704b452a5dd60ab1bd2b761bf296a",
        "is_verified": false,
        "line_number": 32
      },
      {
        "type": "Secret Keyword",
        "filename": "examples/onprem-postgresql/README.md",
        "hashed_secret": "923756b56e08735fe781bebe3427716920b33e0c",
        "is_verified": false,
        "line_number": 45
      },
      {
        "type": "Secret Keyword",
        "filename": "examples/onprem-postgresql/README.md",
        "hashed_secret": "4eb97c07bfbbc1c2d4c557361f21db26e81d8ddc",
        "is_verified": false,
        "line_number": 84
      },
      {
        "type": "Secret Keyword",
        "filename": "examples/onprem-postgresql/README.md",
        "hashed_secret": "76afb2993fb4aec48c199f48379d31df1cc3deef",
        "is_verified": false,
        "line_number": 88
      },
      {
        "type": "Secret Keyword",
        "filename": "examples/onprem-postgresql/README.md",
        "hashed_secret": "e405645aeb672561010680c471e9434e22c09a4f",
        "is_verified": false,
        "line_number": 216
      }
    ],
    "examples/onprem-postgresql/terraform.tfvars.example": [
      {
        "type": "Secret Keyword",
        "filename": "examples/onprem-postgresql/terraform.tfvars.example",
        "hashed_secret": "28b2b931e9d56ac7535a5812739d77cdaff6b504",
        "is_verified": false,
        "line_number": 16
      },
      {
        "type": "Secret Keyword",
        "filename": "examples/onprem-postgresql/terraform.tfvars.example",
        "hashed_secret": "77ad5af23be58b34960ba8efa340bc018a48e120",
        "is_verified": false,
        "line_number": 22
      },
      {
        "type": "Secret Keyword",
        "filename": "examples/onprem-postgresql/terraform.tfvars.example",
        "hashed_secret": "727981def71c4ac4036f7b78479fc9c3b2487032",
        "is_verified": false,
        "line_number": 29
      },
      {
        "type": "Secret Keyword",
        "filename": "examples/onprem-postgresql/terraform.tfvars.example",
        "hashed_secret": "34e8ac632369e74afb72cc0c7838f1c313facce5",
        "is_verified": false,
        "line_number": 31
      }
    ],
    "modules/aws-aurora-mysql/README.md": [
      {
        "type": "Secret Keyword",
        "filename": "modules/aws-aurora-mysql/README.md",
        "hashed_secret": "69246a3b05fa27c25da0aa2176b1132692b490e2",
        "is_verified": false,
        "line_number": 33
      },
      {
        "type": "Secret Keyword",
        "filename": "modules/aws-aurora-mysql/README.md",
        "hashed_secret": "77ad5af23be58b34960ba8efa340bc018a48e120",
        "is_verified": false,
        "line_number": 37
      }
    ],
    "modules/aws-aurora-postgresql/README.md": [
      {
        "type": "Secret Keyword",
        "filename": "modules/aws-aurora-postgresql/README.md",
        "hashed_secret": "45d676e7c6ab44cf4b8fa366ef2d8fccd3e6d6e6",
        "is_verified": false,
        "line_number": 37
      },
      {
        "type": "Secret Keyword",
        "filename": "modules/aws-aurora-postgresql/README.md",
        "hashed_secret": "77ad5af23be58b34960ba8efa340bc018a48e120",
        "is_verified": false,
        "line_number": 41
      },
      {
        "type": "Secret Keyword",
        "filename": "modules/aws-aurora-postgresql/README.md",
        "hashed_secret": "758df2e874670ea537c536dbf57e7195abc1d4d9",
        "is_verified": false,
        "line_number": 71
      }
    ],
    "modules/aws-neptune/README.md": [
      {
        "type": "Secret Keyword",
        "filename": "modules/aws-neptune/README.md",
        "hashed_secret": "71973ea83d4e7f5bc73d22671756f528ad09b078",
        "is_verified": false,
        "line_number": 34
      },
      {
        "type": "Secret Keyword",
        "filename": "modules/aws-neptune/README.md",
        "hashed_secret": "77ad5af23be58b34960ba8efa340bc018a48e120",
        "is_verified": false,
        "line_number": 38
      },
      {
        "type": "Base64 High Entropy String",
        "filename": "modules/aws-neptune/README.md",
        "hashed_secret": "ce41930174569cd2b0ac696ef6d854df71418547",
        "is_verified": false,
        "line_number": 191
      },
      {
        "type": "Secret Keyword",
        "filename": "modules/aws-neptune/README.md",
        "hashed_secret": "ce41930174569cd2b0ac696ef6d854df71418547",
        "is_verified": false,
        "line_number": 191
      },
      {
        "type": "Secret Keyword",
        "filename": "modules/aws-neptune/README.md",
        "hashed_secret": "8799be98d312337882d21f38b572adb971005f85",
        "is_verified": false,
        "line_number": 194
      },
      {
        "type": "Secret Keyword",
        "filename": "modules/aws-neptune/README.md",
        "hashed_secret": "6d201723a3e3ae6c38ef861ca51c5dd72931e850",
        "is_verified": false,
        "line_number": 227
      }
    ],
    "modules/aws-oracle/README.md": [
      {
        "type": "Secret Keyword",
        "filename": "modules/aws-oracle/README.md",
        "hashed_secret": "45d676e7c6ab44cf4b8fa366ef2d8fccd3e6d6e6",
        "is_verified": false,
        "line_number": 38
      },
      {
        "type": "Secret Keyword",
        "filename": "modules/aws-oracle/README.md",
        "hashed_secret": "77ad5af23be58b34960ba8efa340bc018a48e120",
        "is_verified": false,
        "line_number": 42
      },
      {
        "type": "Secret Keyword",
        "filename": "modules/aws-oracle/README.md",
        "hashed_secret": "71973ea83d4e7f5bc73d22671756f528ad09b078",
        "is_verified": false,
        "line_number": 70
      }
    ],
    "modules/aws-oracle/files/README.md": [
      {
        "type": "Secret Keyword",
        "filename": "modules/aws-oracle/files/README.md",
        "hashed_secret": "fc4b79ff2005c1bfacead828184f0c8aad8fd860",
        "is_verified": false,
        "line_number": 64
      },
      {
        "type": "Secret Keyword",
        "filename": "modules/aws-oracle/files/README.md",
        "hashed_secret": "9f64e4e161e852369e1104a2d95a423a3f509c83",
        "is_verified": false,
        "line_number": 69
      },
      {
        "type": "Secret Keyword",
        "filename": "modules/aws-oracle/files/README.md",
        "hashed_secret": "5baa61e4c9b93f3f0682250b6cf8331b7ee68fd8",
        "is_verified": false,
        "line_number": 133
      }
    ],
    "modules/aws-rds-documentdb/README.md": [
      {
        "type": "Secret Keyword",
        "filename": "modules/aws-rds-documentdb/README.md",
        "hashed_secret": "45d676e7c6ab44cf4b8fa366ef2d8fccd3e6d6e6",
        "is_verified": false,
        "line_number": 55
      },
      {
        "type": "Secret Keyword",
        "filename": "modules/aws-rds-documentdb/README.md",
        "hashed_secret": "463d8353f4b927fd953e5af7c41084183e8ce5fb",
        "is_verified": false,
        "line_number": 59
      },
      {
        "type": "Secret Keyword",
        "filename": "modules/aws-rds-documentdb/README.md",
        "hashed_secret": "70b5ee0988169f15d2f9016807a36bec8f4cf3da",
        "is_verified": false,
        "line_number": 90
      }
    ],
    "modules/aws-rds-mariadb/README.md": [
      {
        "type": "Secret Keyword",
        "filename": "modules/aws-rds-mariadb/README.md",
        "hashed_secret": "45d676e7c6ab44cf4b8fa366ef2d8fccd3e6d6e6",
        "is_verified": false,
        "line_number": 46
      },
      {
        "type": "Secret Keyword",
        "filename": "modules/aws-rds-mariadb/README.md",
        "hashed_secret": "522fa71105436c596f932789f9191ec821230d6d",
        "is_verified": false,
        "line_number": 61
      },
      {
        "type": "Secret Keyword",
        "filename": "modules/aws-rds-mariadb/README.md",
        "hashed_secret": "c303df00cd0a72b21c62900b758b06fc541664ce",
        "is_verified": false,
        "line_number": 63
      },
      {
        "type": "Secret Keyword",
        "filename": "modules/aws-rds-mariadb/README.md",
        "hashed_secret": "70b5ee0988169f15d2f9016807a36bec8f4cf3da",
        "is_verified": false,
        "line_number": 88
      }
    ],
    "modules/aws-rds-mysql/README.md": [
      {
        "type": "Secret Keyword",
        "filename": "modules/aws-rds-mysql/README.md",
        "hashed_secret": "45d676e7c6ab44cf4b8fa366ef2d8fccd3e6d6e6",
        "is_verified": false,
        "line_number": 52
      },
      {
        "type": "Secret Keyword",
        "filename": "modules/aws-rds-mysql/README.md",
        "hashed_secret": "70b5ee0988169f15d2f9016807a36bec8f4cf3da",
        "is_verified": false,
        "line_number": 77
      }
    ],
    "modules/aws-rds-postgresql/README.md": [
      {
        "type": "Secret Keyword",
        "filename": "modules/aws-rds-postgresql/README.md",
        "hashed_secret": "45d676e7c6ab44cf4b8fa366ef2d8fccd3e6d6e6",
        "is_verified": false,
        "line_number": 32
      },
      {
        "type": "Secret Keyword",
        "filename": "modules/aws-rds-postgresql/README.md",
        "hashed_secret": "758df2e874670ea537c536dbf57e7195abc1d4d9",
        "is_verified": false,
        "line_number": 49
      }
    ],
    "modules/aws-redshift/README.md": [
      {
        "type": "Secret Keyword",
        "filename": "modules/aws-redshift/README.md",
        "hashed_secret": "45d676e7c6ab44cf4b8fa366ef2d8fccd3e6d6e6",
        "is_verified": false,
        "line_number": 29
      },
      {
        "type": "Secret Keyword",
        "filename": "modules/aws-redshift/README.md",
        "hashed_secret": "77ad5af23be58b34960ba8efa340bc018a48e120",
        "is_verified": false,
        "line_number": 33
      }
    ],
    "modules/onprem-mysql/README.md": [
      {
        "type": "Secret Keyword",
        "filename": "modules/onprem-mysql/README.md",
        "hashed_secret": "463d8353f4b927fd953e5af7c41084183e8ce5fb",
        "is_verified": false,
        "line_number": 91
      },
      {
        "type": "Secret Keyword",
        "filename": "modules/onprem-mysql/README.md",
        "hashed_secret": "4f104639e127299d9b5e3f5f329b4d68bf021868",
        "is_verified": false,
        "line_number": 145
      },
      {
        "type": "Secret Keyword",
        "filename": "modules/onprem-mysql/README.md",
        "hashed_secret": "76afb2993fb4aec48c199f48379d31df1cc3deef",
        "is_verified": false,
        "line_number": 149
      },
      {
        "type": "Secret Keyword",
        "filename": "modules/onprem-mysql/README.md",
        "hashed_secret": "209212ca93548a3264abb70a052c9f356cd940ad",
        "is_verified": false,
        "line_number": 168
      }
    ],
    "modules/onprem-mysql/main.tf": [
      {
        "type": "Secret Keyword",
        "filename": "modules/onprem-mysql/main.tf",
        "hashed_secret": "19986a28eec95368fbbbbb77b09803c321a0e771",
        "is_verified": false,
        "line_number": 31
      },
      {
        "type": "Secret Keyword",
        "filename": "modules/onprem-mysql/main.tf",
        "hashed_secret": "76afb2993fb4aec48c199f48379d31df1cc3deef",
        "is_verified": false,
        "line_number": 61
      }
    ],
    "modules/onprem-postgresql/README.md": [
      {
        "type": "Secret Keyword",
        "filename": "modules/onprem-postgresql/README.md",
        "hashed_secret": "2f1aa1e2a58704b452a5dd60ab1bd2b761bf296a",
        "is_verified": false,
        "line_number": 44
      },
      {
        "type": "Secret Keyword",
        "filename": "modules/onprem-postgresql/README.md",
        "hashed_secret": "76afb2993fb4aec48c199f48379d31df1cc3deef",
        "is_verified": false,
        "line_number": 120
      },
      {
        "type": "Secret Keyword",
        "filename": "modules/onprem-postgresql/README.md",
        "hashed_secret": "cbfdac6008f9cab4083784cbd1874f76618d2a97",
        "is_verified": false,
        "line_number": 138
      },
      {
        "type": "Secret Keyword",
        "filename": "modules/onprem-postgresql/README.md",
        "hashed_secret": "e405645aeb672561010680c471e9434e22c09a4f",
        "is_verified": false,
        "line_number": 229
      }
    ],
    "modules/onprem-postgresql/main.tf": [
      {
        "type": "Secret Keyword",
        "filename": "modules/onprem-postgresql/main.tf",
        "hashed_secret": "76afb2993fb4aec48c199f48379d31df1cc3deef",
        "is_verified": false,
        "line_number": 53
      }
    ]
  },
  "generated_at": "2026-06-26T21:55:05Z"
}
