[0m[1mmodule.azure_postgresql_va_config.data.azurerm_client_config.current: Reading...[0m[0m
[0m[1mmodule.azure_postgresql_va_config.azurerm_subnet.function_subnet: Refreshing state... [id=/subscriptions/85de16ef-7645-417d-acff-f5bee9c2e45e/resourceGroups/guardium-test-postgresql-rg-clbr4l/providers/Microsoft.Network/virtualNetworks/guardium-test-postgresql-vnet/subnets/guardium-test-function-subnet][0m
[0m[1mmodule.azure_postgresql_va_config.azurerm_service_plan.function_plan: Refreshing state... [id=/subscriptions/85de16ef-7645-417d-acff-f5bee9c2e45e/resourceGroups/guardium-test-postgresql-rg-clbr4l/providers/Microsoft.Web/serverFarms/guardium-test-postgresql-va-plan][0m
[0m[1mmodule.azure_postgresql_va_config.data.azurerm_client_config.current: Read complete after 0s [id=Y2xpZW50Q29uZmlncy9jbGllbnRJZD0wNGIwNzc5NS04ZGRiLTQ2MWEtYmJlZS0wMmY5ZTFiZjdiNDY7b2JqZWN0SWQ9ZjNiMDgyMTYtZjE5NS00NWFiLTg5NzQtZjUzYTNmZGFhNzcyO3N1YnNjcmlwdGlvbklkPTg1ZGUxNmVmLTc2NDUtNDE3ZC1hY2ZmLWY1YmVlOWMyZTQ1ZTt0ZW5hbnRJZD0zMmJmYWNmMy04ZWIxLTQ5OGQtYjdkOS02ZjU2N2NmMDY1Y2Q=][0m
[0m[1mmodule.azure_postgresql_va_config.azurerm_key_vault.postgresql_credentials: Refreshing state... [id=/subscriptions/85de16ef-7645-417d-acff-f5bee9c2e45e/resourceGroups/guardium-test-postgresql-rg-clbr4l/providers/Microsoft.KeyVault/vaults/guardium-test-kv][0m
[0m[1mmodule.azure_postgresql_va_config.azurerm_storage_account.function_storage: Refreshing state... [id=/subscriptions/85de16ef-7645-417d-acff-f5bee9c2e45e/resourceGroups/guardium-test-postgresql-rg-clbr4l/providers/Microsoft.Storage/storageAccounts/guardiumtestpostgresqlva][0m
[0m[1mmodule.azure_postgresql_va_config.azurerm_key_vault_secret.postgresql_credentials: Refreshing state... [id=https://guardium-test-kv.vault.azure.net/secrets/guardium-test-azure-postgresql-va-password/0009ec48fcb3409581c33db9aa55613b][0m

Terraform used the selected providers to generate the following execution
plan. Resource actions are indicated with the following symbols:
  [32m+[0m create[0m

Terraform will perform the following actions:

[1m  # module.azure_postgresql_va_config.azurerm_app_service_virtual_network_swift_connection.function_vnet_integration[0m will be created
[0m  [32m+[0m[0m resource "azurerm_app_service_virtual_network_swift_connection" "function_vnet_integration" {
      [32m+[0m[0m app_service_id = (known after apply)
      [32m+[0m[0m id             = (known after apply)
      [32m+[0m[0m subnet_id      = "/subscriptions/85de16ef-7645-417d-acff-f5bee9c2e45e/resourceGroups/guardium-test-postgresql-rg-clbr4l/providers/Microsoft.Network/virtualNetworks/guardium-test-postgresql-vnet/subnets/guardium-test-function-subnet"
    }

[1m  # module.azure_postgresql_va_config.azurerm_key_vault_access_policy.function_access[0m will be created
[0m  [32m+[0m[0m resource "azurerm_key_vault_access_policy" "function_access" {
      [32m+[0m[0m id                 = (known after apply)
      [32m+[0m[0m key_vault_id       = "/subscriptions/85de16ef-7645-417d-acff-f5bee9c2e45e/resourceGroups/guardium-test-postgresql-rg-clbr4l/providers/Microsoft.KeyVault/vaults/guardium-test-kv"
      [32m+[0m[0m object_id          = (known after apply)
      [32m+[0m[0m secret_permissions = [
          [32m+[0m[0m "Get",
          [32m+[0m[0m "List",
        ]
      [32m+[0m[0m tenant_id          = "32bfacf3-8eb1-498d-b7d9-6f567cf065cd"
    }

[1m  # module.azure_postgresql_va_config.azurerm_linux_function_app.va_config_function[0m will be created
[0m  [32m+[0m[0m resource "azurerm_linux_function_app" "va_config_function" {
      [32m+[0m[0m app_settings                                   = {
          [32m+[0m[0m "AZURE_SUBSCRIPTION_ID"    = "85de16ef-7645-417d-acff-f5bee9c2e45e"
          [32m+[0m[0m "FUNCTIONS_WORKER_RUNTIME" = "python"
          [32m+[0m[0m "KEY_VAULT_NAME"           = "guardium-test-kv"
          [32m+[0m[0m "SECRET_NAME"              = "guardium-test-azure-postgresql-va-password"
          [32m+[0m[0m "WEBSITE_RUN_FROM_PACKAGE" = "1"
        }
      [32m+[0m[0m builtin_logging_enabled                        = true
      [32m+[0m[0m client_certificate_enabled                     = false
      [32m+[0m[0m client_certificate_mode                        = "Optional"
      [32m+[0m[0m content_share_force_disabled                   = false
      [32m+[0m[0m custom_domain_verification_id                  = (sensitive value)
      [32m+[0m[0m daily_memory_time_quota                        = 0
      [32m+[0m[0m default_hostname                               = (known after apply)
      [32m+[0m[0m enabled                                        = true
      [32m+[0m[0m ftp_publish_basic_authentication_enabled       = true
      [32m+[0m[0m functions_extension_version                    = "~4"
      [32m+[0m[0m hosting_environment_id                         = (known after apply)
      [32m+[0m[0m https_only                                     = false
      [32m+[0m[0m id                                             = (known after apply)
      [32m+[0m[0m key_vault_reference_identity_id                = (known after apply)
      [32m+[0m[0m kind                                           = (known after apply)
      [32m+[0m[0m location                                       = "westus2"
      [32m+[0m[0m name                                           = "guardium-test-postgresql-va-func"
      [32m+[0m[0m outbound_ip_address_list                       = (known after apply)
      [32m+[0m[0m outbound_ip_addresses                          = (known after apply)
      [32m+[0m[0m possible_outbound_ip_address_list              = (known after apply)
      [32m+[0m[0m possible_outbound_ip_addresses                 = (known after apply)
      [32m+[0m[0m public_network_access_enabled                  = true
      [32m+[0m[0m resource_group_name                            = "guardium-test-postgresql-rg-clbr4l"
      [32m+[0m[0m service_plan_id                                = "/subscriptions/85de16ef-7645-417d-acff-f5bee9c2e45e/resourceGroups/guardium-test-postgresql-rg-clbr4l/providers/Microsoft.Web/serverFarms/guardium-test-postgresql-va-plan"
      [32m+[0m[0m site_credential                                = (sensitive value)
      [32m+[0m[0m storage_account_access_key                     = (sensitive value)
      [32m+[0m[0m storage_account_name                           = "guardiumtestpostgresqlva"
      [32m+[0m[0m storage_uses_managed_identity                  = false
      [32m+[0m[0m tags                                           = {
          [32m+[0m[0m "Environment"   = "development"
          [32m+[0m[0m "GeneratedFrom" = "Phase1"
          [32m+[0m[0m "ManagedBy"     = "terraform-rr-agent"
          [32m+[0m[0m "Phase"         = "2"
          [32m+[0m[0m "Purpose"       = "guardium-va-config"
        }
      [32m+[0m[0m webdeploy_publish_basic_authentication_enabled = true
      [32m+[0m[0m zip_deploy_file                                = (known after apply)

      [32m+[0m[0m identity {
          [32m+[0m[0m principal_id = (known after apply)
          [32m+[0m[0m tenant_id    = (known after apply)
          [32m+[0m[0m type         = "SystemAssigned"
        }

      [32m+[0m[0m site_config {
          [32m+[0m[0m always_on                               = (known after apply)
          [32m+[0m[0m app_scale_limit                         = (known after apply)
          [32m+[0m[0m container_registry_use_managed_identity = false
          [32m+[0m[0m default_documents                       = (known after apply)
          [32m+[0m[0m detailed_error_logging_enabled          = (known after apply)
          [32m+[0m[0m elastic_instance_minimum                = (known after apply)
          [32m+[0m[0m ftps_state                              = "Disabled"
          [32m+[0m[0m health_check_eviction_time_in_min       = (known after apply)
          [32m+[0m[0m http2_enabled                           = false
          [32m+[0m[0m ip_restriction_default_action           = "Allow"
          [32m+[0m[0m linux_fx_version                        = (known after apply)
          [32m+[0m[0m load_balancing_mode                     = "LeastRequests"
          [32m+[0m[0m managed_pipeline_mode                   = "Integrated"
          [32m+[0m[0m minimum_tls_version                     = "1.2"
          [32m+[0m[0m pre_warmed_instance_count               = (known after apply)
          [32m+[0m[0m remote_debugging_enabled                = false
          [32m+[0m[0m remote_debugging_version                = (known after apply)
          [32m+[0m[0m scm_ip_restriction_default_action       = "Allow"
          [32m+[0m[0m scm_minimum_tls_version                 = "1.2"
          [32m+[0m[0m scm_type                                = (known after apply)
          [32m+[0m[0m scm_use_main_ip_restriction             = false
          [32m+[0m[0m use_32_bit_worker                       = false
          [32m+[0m[0m vnet_route_all_enabled                  = false
          [32m+[0m[0m websockets_enabled                      = false
          [32m+[0m[0m worker_count                            = (known after apply)

          [32m+[0m[0m application_stack {
              [32m+[0m[0m python_version              = "3.9"
              [32m+[0m[0m use_dotnet_isolated_runtime = false
            }
        }
    }

[1m  # module.azure_postgresql_va_config.null_resource.deploy_function[0m will be created
[0m  [32m+[0m[0m resource "null_resource" "deploy_function" {
      [32m+[0m[0m id       = (known after apply)
      [32m+[0m[0m triggers = {
          [32m+[0m[0m "function_app_id"    = (known after apply)
          [32m+[0m[0m "function_code_hash" = "eb461c590ec2b59773e2a78ada51172404fd294f83de2ea72e9b7db11e11336c"
        }
    }

[1mPlan:[0m [0m4 to add, 0 to change, 0 to destroy.

Changes to Outputs:
  [32m+[0m[0m function_app_default_hostname = (known after apply)
  [32m+[0m[0m function_app_id               = (known after apply)
  [32m+[0m[0m next_steps                    = (known after apply)
[0m[1mmodule.azure_postgresql_va_config.azurerm_linux_function_app.va_config_function: Creating...[0m[0m
[31m╷[0m[0m
[31m│[0m [0m[1m[31mError: [0m[0m[1mA resource with the ID "/subscriptions/85de16ef-7645-417d-acff-f5bee9c2e45e/resourceGroups/guardium-test-postgresql-rg-clbr4l/providers/Microsoft.Web/sites/guardium-test-postgresql-va-func" already exists - to be managed via Terraform this resource needs to be imported into the State. Please see the resource documentation for "azurerm_linux_function_app" for more information.[0m
[31m│[0m [0m
[31m│[0m [0m[0m  with module.azure_postgresql_va_config.azurerm_linux_function_app.va_config_function,
[31m│[0m [0m  on ../../modules/azure-postgresql/main.tf line 108, in resource "azurerm_linux_function_app" "va_config_function":
[31m│[0m [0m 108: resource "azurerm_linux_function_app" "va_config_function" [4m{[0m[0m
[31m│[0m [0m
[31m│[0m [0mA resource with the ID
[31m│[0m [0m"/subscriptions/85de16ef-7645-417d-acff-f5bee9c2e45e/resourceGroups/guardium-test-postgresql-rg-clbr4l/providers/Microsoft.Web/sites/guardium-test-postgresql-va-func"
[31m│[0m [0malready exists - to be managed via Terraform this resource needs to be
[31m│[0m [0mimported into the State. Please see the resource documentation for
[31m│[0m [0m"azurerm_linux_function_app" for more information.
[31m╵[0m[0m
[0m[1mmodule.azure_postgresql_va_config.data.azurerm_client_config.current: Reading...[0m[0m
[0m[1mmodule.azure_postgresql_va_config.azurerm_service_plan.function_plan: Refreshing state... [id=/subscriptions/85de16ef-7645-417d-acff-f5bee9c2e45e/resourceGroups/guardium-test-postgresql-rg-clbr4l/providers/Microsoft.Web/serverFarms/guardium-test-postgresql-va-plan][0m
[0m[1mmodule.azure_postgresql_va_config.azurerm_subnet.function_subnet: Refreshing state... [id=/subscriptions/85de16ef-7645-417d-acff-f5bee9c2e45e/resourceGroups/guardium-test-postgresql-rg-clbr4l/providers/Microsoft.Network/virtualNetworks/guardium-test-postgresql-vnet/subnets/guardium-test-function-subnet][0m
[0m[1mmodule.azure_postgresql_va_config.data.azurerm_client_config.current: Read complete after 0s [id=Y2xpZW50Q29uZmlncy9jbGllbnRJZD0wNGIwNzc5NS04ZGRiLTQ2MWEtYmJlZS0wMmY5ZTFiZjdiNDY7b2JqZWN0SWQ9ZjNiMDgyMTYtZjE5NS00NWFiLTg5NzQtZjUzYTNmZGFhNzcyO3N1YnNjcmlwdGlvbklkPTg1ZGUxNmVmLTc2NDUtNDE3ZC1hY2ZmLWY1YmVlOWMyZTQ1ZTt0ZW5hbnRJZD0zMmJmYWNmMy04ZWIxLTQ5OGQtYjdkOS02ZjU2N2NmMDY1Y2Q=][0m
[0m[1mmodule.azure_postgresql_va_config.azurerm_key_vault.postgresql_credentials: Refreshing state... [id=/subscriptions/85de16ef-7645-417d-acff-f5bee9c2e45e/resourceGroups/guardium-test-postgresql-rg-clbr4l/providers/Microsoft.KeyVault/vaults/guardium-test-kv][0m
[0m[1mmodule.azure_postgresql_va_config.azurerm_storage_account.function_storage: Refreshing state... [id=/subscriptions/85de16ef-7645-417d-acff-f5bee9c2e45e/resourceGroups/guardium-test-postgresql-rg-clbr4l/providers/Microsoft.Storage/storageAccounts/guardiumtestpostgresqlva][0m
[0m[1mmodule.azure_postgresql_va_config.azurerm_key_vault_secret.postgresql_credentials: Refreshing state... [id=https://guardium-test-kv.vault.azure.net/secrets/guardium-test-azure-postgresql-va-password/0009ec48fcb3409581c33db9aa55613b][0m
[0m[1mmodule.azure_postgresql_va_config.azurerm_linux_function_app.va_config_function: Refreshing state... [id=/subscriptions/85de16ef-7645-417d-acff-f5bee9c2e45e/resourceGroups/guardium-test-postgresql-rg-clbr4l/providers/Microsoft.Web/sites/guardium-test-postgresql-va-func][0m

Terraform used the selected providers to generate the following execution
plan. Resource actions are indicated with the following symbols:
  [32m+[0m create[0m
  [33m~[0m update in-place[0m

Terraform will perform the following actions:

[1m  # module.azure_postgresql_va_config.azurerm_app_service_virtual_network_swift_connection.function_vnet_integration[0m will be created
[0m  [32m+[0m[0m resource "azurerm_app_service_virtual_network_swift_connection" "function_vnet_integration" {
      [32m+[0m[0m app_service_id = "/subscriptions/85de16ef-7645-417d-acff-f5bee9c2e45e/resourceGroups/guardium-test-postgresql-rg-clbr4l/providers/Microsoft.Web/sites/guardium-test-postgresql-va-func"
      [32m+[0m[0m id             = (known after apply)
      [32m+[0m[0m subnet_id      = "/subscriptions/85de16ef-7645-417d-acff-f5bee9c2e45e/resourceGroups/guardium-test-postgresql-rg-clbr4l/providers/Microsoft.Network/virtualNetworks/guardium-test-postgresql-vnet/subnets/guardium-test-function-subnet"
    }

[1m  # module.azure_postgresql_va_config.azurerm_key_vault_access_policy.function_access[0m will be created
[0m  [32m+[0m[0m resource "azurerm_key_vault_access_policy" "function_access" {
      [32m+[0m[0m id                 = (known after apply)
      [32m+[0m[0m key_vault_id       = "/subscriptions/85de16ef-7645-417d-acff-f5bee9c2e45e/resourceGroups/guardium-test-postgresql-rg-clbr4l/providers/Microsoft.KeyVault/vaults/guardium-test-kv"
      [32m+[0m[0m object_id          = "0a4c3a8a-a3d1-4dd7-a025-6fee3c09fee9"
      [32m+[0m[0m secret_permissions = [
          [32m+[0m[0m "Get",
          [32m+[0m[0m "List",
        ]
      [32m+[0m[0m tenant_id          = "32bfacf3-8eb1-498d-b7d9-6f567cf065cd"
    }

[1m  # module.azure_postgresql_va_config.azurerm_linux_function_app.va_config_function[0m will be updated in-place
[0m  [33m~[0m[0m resource "azurerm_linux_function_app" "va_config_function" {
      [33m~[0m[0m app_settings                                   = {
          [32m+[0m[0m "FUNCTIONS_WORKER_RUNTIME" = "python"
            [90m# (4 unchanged elements hidden)[0m[0m
        }
        id                                             = "/subscriptions/85de16ef-7645-417d-acff-f5bee9c2e45e/resourceGroups/guardium-test-postgresql-rg-clbr4l/providers/Microsoft.Web/sites/guardium-test-postgresql-va-func"
        name                                           = "guardium-test-postgresql-va-func"
        tags                                           = {
            "Environment"   = "development"
            "GeneratedFrom" = "Phase1"
            "ManagedBy"     = "terraform-rr-agent"
            "Phase"         = "2"
            "Purpose"       = "guardium-va-config"
        }
        [90m# (31 unchanged attributes hidden)[0m[0m

        [90m# (2 unchanged blocks hidden)[0m[0m
    }

[1m  # module.azure_postgresql_va_config.null_resource.deploy_function[0m will be created
[0m  [32m+[0m[0m resource "null_resource" "deploy_function" {
      [32m+[0m[0m id       = (known after apply)
      [32m+[0m[0m triggers = {
          [32m+[0m[0m "function_app_id"    = "/subscriptions/85de16ef-7645-417d-acff-f5bee9c2e45e/resourceGroups/guardium-test-postgresql-rg-clbr4l/providers/Microsoft.Web/sites/guardium-test-postgresql-va-func"
          [32m+[0m[0m "function_code_hash" = "eb461c590ec2b59773e2a78ada51172404fd294f83de2ea72e9b7db11e11336c"
        }
    }

[1mPlan:[0m [0m3 to add, 1 to change, 0 to destroy.
[0m[1mmodule.azure_postgresql_va_config.azurerm_linux_function_app.va_config_function: Modifying... [id=/subscriptions/85de16ef-7645-417d-acff-f5bee9c2e45e/resourceGroups/guardium-test-postgresql-rg-clbr4l/providers/Microsoft.Web/sites/guardium-test-postgresql-va-func][0m[0m
[0m[1mmodule.azure_postgresql_va_config.azurerm_linux_function_app.va_config_function: Still modifying... [id=/subscriptions/85de16ef-7645-417d-acff-...sites/guardium-test-postgresql-va-func, 00m10s elapsed][0m[0m
[0m[1mmodule.azure_postgresql_va_config.azurerm_linux_function_app.va_config_function: Still modifying... [id=/subscriptions/85de16ef-7645-417d-acff-...sites/guardium-test-postgresql-va-func, 00m20s elapsed][0m[0m
[0m[1mmodule.azure_postgresql_va_config.azurerm_linux_function_app.va_config_function: Still modifying... [id=/subscriptions/85de16ef-7645-417d-acff-...sites/guardium-test-postgresql-va-func, 00m30s elapsed][0m[0m
[0m[1mmodule.azure_postgresql_va_config.azurerm_linux_function_app.va_config_function: Still modifying... [id=/subscriptions/85de16ef-7645-417d-acff-...sites/guardium-test-postgresql-va-func, 00m40s elapsed][0m[0m
[0m[1mmodule.azure_postgresql_va_config.azurerm_linux_function_app.va_config_function: Modifications complete after 41s [id=/subscriptions/85de16ef-7645-417d-acff-f5bee9c2e45e/resourceGroups/guardium-test-postgresql-rg-clbr4l/providers/Microsoft.Web/sites/guardium-test-postgresql-va-func][0m
[0m[1mmodule.azure_postgresql_va_config.azurerm_app_service_virtual_network_swift_connection.function_vnet_integration: Creating...[0m[0m
[0m[1mmodule.azure_postgresql_va_config.azurerm_key_vault_access_policy.function_access: Creating...[0m[0m
[0m[1mmodule.azure_postgresql_va_config.azurerm_key_vault_access_policy.function_access: Creation complete after 8s [id=/subscriptions/85de16ef-7645-417d-acff-f5bee9c2e45e/resourceGroups/guardium-test-postgresql-rg-clbr4l/providers/Microsoft.KeyVault/vaults/guardium-test-kv/objectId/0a4c3a8a-a3d1-4dd7-a025-6fee3c09fee9][0m
[0m[1mmodule.azure_postgresql_va_config.null_resource.deploy_function: Creating...[0m[0m
[0m[1mmodule.azure_postgresql_va_config.null_resource.deploy_function: Provisioning with 'local-exec'...[0m[0m
[0m[1mmodule.azure_postgresql_va_config.null_resource.deploy_function (local-exec):[0m [0mExecuting: ["/bin/sh" "-c" "az functionapp deployment source config-zip \\\n  --resource-group guardium-test-postgresql-rg-clbr4l \\\n  --name guardium-test-postgresql-va-func \\\n  --src ../../modules/azure-postgresql/files/function.zip \\\n  --build-remote true\n"]
[0m[1mmodule.azure_postgresql_va_config.azurerm_app_service_virtual_network_swift_connection.function_vnet_integration: Still creating... [00m10s elapsed][0m[0m
[0m[1mmodule.azure_postgresql_va_config.null_resource.deploy_function (local-exec):[0m [0mWARNING: Use python version 3.14 as 3.9 has reached end-of-life on 2025-10-31 and is no longer supported.
[0m[1mmodule.azure_postgresql_va_config.azurerm_app_service_virtual_network_swift_connection.function_vnet_integration: Creation complete after 15s [id=/subscriptions/85de16ef-7645-417d-acff-f5bee9c2e45e/resourceGroups/guardium-test-postgresql-rg-clbr4l/providers/Microsoft.Web/sites/guardium-test-postgresql-va-func/config/virtualNetwork][0m
[0m[1mmodule.azure_postgresql_va_config.null_resource.deploy_function (local-exec):[0m [0mWARNING: Setting SCM_DO_BUILD_DURING_DEPLOYMENT to true
[0m[1mmodule.azure_postgresql_va_config.null_resource.deploy_function (local-exec):[0m [0mWARNING: Removing WEBSITE_RUN_FROM_PACKAGE app setting
[0m[1mmodule.azure_postgresql_va_config.null_resource.deploy_function: Still creating... [00m10s elapsed][0m[0m
[0m[1mmodule.azure_postgresql_va_config.null_resource.deploy_function (local-exec):[0m [0mWARNING: Waiting SCM site to be updated with the latest app settings
[0m[1mmodule.azure_postgresql_va_config.null_resource.deploy_function: Still creating... [00m20s elapsed][0m[0m
[0m[1mmodule.azure_postgresql_va_config.null_resource.deploy_function: Still creating... [00m30s elapsed][0m[0m
[0m[1mmodule.azure_postgresql_va_config.null_resource.deploy_function: Still creating... [00m40s elapsed][0m[0m
[0m[1mmodule.azure_postgresql_va_config.null_resource.deploy_function: Still creating... [00m50s elapsed][0m[0m
[0m[1mmodule.azure_postgresql_va_config.null_resource.deploy_function (local-exec):[0m [0mWARNING: Getting scm site credentials for zip deployment
[0m[1mmodule.azure_postgresql_va_config.null_resource.deploy_function (local-exec):[0m [0mWARNING: Starting zip deployment. This operation can take a while to complete ...
[0m[1mmodule.azure_postgresql_va_config.null_resource.deploy_function: Still creating... [01m00s elapsed][0m[0m
[0m[1mmodule.azure_postgresql_va_config.null_resource.deploy_function (local-exec):[0m [0mWARNING: Deployment endpoint responded with status code 202
[0m[1mmodule.azure_postgresql_va_config.null_resource.deploy_function: Still creating... [01m10s elapsed][0m[0m
[0m[1mmodule.azure_postgresql_va_config.null_resource.deploy_function: Still creating... [01m20s elapsed][0m[0m
