[0m[1mmodule.azure_postgresql_va_config.data.azurerm_client_config.current: Reading...[0m[0m
[0m[1mmodule.azure_postgresql_va_config.azurerm_service_plan.function_plan: Refreshing state... [id=/subscriptions/85de16ef-7645-417d-acff-f5bee9c2e45e/resourceGroups/guardium-test-postgresql-rg-clbr4l/providers/Microsoft.Web/serverFarms/guardium-test-postgresql-va-plan][0m
[0m[1mmodule.azure_postgresql_va_config.azurerm_subnet.function_subnet: Refreshing state... [id=/subscriptions/85de16ef-7645-417d-acff-f5bee9c2e45e/resourceGroups/guardium-test-postgresql-rg-clbr4l/providers/Microsoft.Network/virtualNetworks/guardium-test-postgresql-vnet/subnets/guardium-test-function-subnet][0m
[0m[1mmodule.azure_postgresql_va_config.data.azurerm_client_config.current: Read complete after 0s [id=Y2xpZW50Q29uZmlncy9jbGllbnRJZD0wNGIwNzc5NS04ZGRiLTQ2MWEtYmJlZS0wMmY5ZTFiZjdiNDY7b2JqZWN0SWQ9ZjNiMDgyMTYtZjE5NS00NWFiLTg5NzQtZjUzYTNmZGFhNzcyO3N1YnNjcmlwdGlvbklkPTg1ZGUxNmVmLTc2NDUtNDE3ZC1hY2ZmLWY1YmVlOWMyZTQ1ZTt0ZW5hbnRJZD0zMmJmYWNmMy04ZWIxLTQ5OGQtYjdkOS02ZjU2N2NmMDY1Y2Q=][0m
[0m[1mmodule.azure_postgresql_va_config.azurerm_key_vault.postgresql_credentials: Refreshing state... [id=/subscriptions/85de16ef-7645-417d-acff-f5bee9c2e45e/resourceGroups/guardium-test-postgresql-rg-clbr4l/providers/Microsoft.KeyVault/vaults/guardium-test-kv][0m
[0m[1mmodule.azure_postgresql_va_config.azurerm_storage_account.function_storage: Refreshing state... [id=/subscriptions/85de16ef-7645-417d-acff-f5bee9c2e45e/resourceGroups/guardium-test-postgresql-rg-clbr4l/providers/Microsoft.Storage/storageAccounts/guardiumtestpostgresqlva][0m
[0m[1mmodule.azure_postgresql_va_config.azurerm_key_vault_secret.postgresql_credentials: Refreshing state... [id=https://guardium-test-kv.vault.azure.net/secrets/guardium-test-azure-postgresql-va-password/0009ec48fcb3409581c33db9aa55613b][0m
[0m[1mmodule.azure_postgresql_va_config.azurerm_linux_function_app.va_config_function: Refreshing state... [id=/subscriptions/85de16ef-7645-417d-acff-f5bee9c2e45e/resourceGroups/guardium-test-postgresql-rg-clbr4l/providers/Microsoft.Web/sites/guardium-test-postgresql-va-func][0m
[0m[1mmodule.azure_postgresql_va_config.azurerm_app_service_virtual_network_swift_connection.function_vnet_integration: Refreshing state... [id=/subscriptions/85de16ef-7645-417d-acff-f5bee9c2e45e/resourceGroups/guardium-test-postgresql-rg-clbr4l/providers/Microsoft.Web/sites/guardium-test-postgresql-va-func/config/virtualNetwork][0m
[0m[1mmodule.azure_postgresql_va_config.azurerm_key_vault_access_policy.function_access: Refreshing state... [id=/subscriptions/85de16ef-7645-417d-acff-f5bee9c2e45e/resourceGroups/guardium-test-postgresql-rg-clbr4l/providers/Microsoft.KeyVault/vaults/guardium-test-kv/objectId/0a4c3a8a-a3d1-4dd7-a025-6fee3c09fee9][0m
[0m[1mmodule.azure_postgresql_va_config.null_resource.deploy_function: Refreshing state... [id=8669493656880994659][0m

Terraform used the selected providers to generate the following execution
plan. Resource actions are indicated with the following symbols:
  [32m+[0m create[0m
  [33m~[0m update in-place[0m
 [36m<=[0m read (data resources)[0m

Terraform planned the following actions, but then encountered a problem:

[1m  # module.azure_postgresql_gdp_connection[0].data.guardium-data-protection_authentication.access_token[0m will be read during apply
  # (depends on a resource or a module with changes pending)
[0m [36m<=[0m[0m data "guardium-data-protection_authentication" "access_token" {
      [32m+[0m[0m access_token  = (sensitive value)
      [32m+[0m[0m client_id     = "client2"
      [32m+[0m[0m client_secret = (sensitive value)
      [32m+[0m[0m password      = (sensitive value)
      [32m+[0m[0m username      = "admin"
    }

[1m  # module.azure_postgresql_gdp_connection[0].guardium-data-protection_register_va_datasource.register_va_datasource[0m will be created
[0m  [32m+[0m[0m resource "guardium-data-protection_register_va_datasource" "register_va_datasource" {
      [32m+[0m[0m access_token         = (sensitive value)
      [32m+[0m[0m id                   = (known after apply)
      [32m+[0m[0m last_registered_time = (known after apply)
      [32m+[0m[0m payload              = (sensitive value)
    }

[1m  # module.azure_postgresql_va_config.azurerm_app_service_virtual_network_swift_connection.function_vnet_integration[0m will be created
[0m  [32m+[0m[0m resource "azurerm_app_service_virtual_network_swift_connection" "function_vnet_integration" {
      [32m+[0m[0m app_service_id = "/subscriptions/85de16ef-7645-417d-acff-f5bee9c2e45e/resourceGroups/guardium-test-postgresql-rg-clbr4l/providers/Microsoft.Web/sites/guardium-test-postgresql-va-func"
      [32m+[0m[0m id             = (known after apply)
      [32m+[0m[0m subnet_id      = "/subscriptions/85de16ef-7645-417d-acff-f5bee9c2e45e/resourceGroups/guardium-test-postgresql-rg-clbr4l/providers/Microsoft.Network/virtualNetworks/guardium-test-postgresql-vnet/subnets/guardium-test-function-subnet"
    }

[1m  # module.azure_postgresql_va_config.azurerm_key_vault.postgresql_credentials[0m will be updated in-place
[0m  [33m~[0m[0m resource "azurerm_key_vault" "postgresql_credentials" {
      [33m~[0m[0m access_policy                   = [
            {
                application_id          = [90mnull[0m[0m
                certificate_permissions = []
                key_permissions         = []
                object_id               = "f3b08216-f195-45ab-8974-f53a3fdaa772"
                secret_permissions      = [
                    "Get",
                    "List",
                    "Set",
                    "Delete",
                    "Purge",
                    "Recover",
                ]
                storage_permissions     = []
                tenant_id               = "32bfacf3-8eb1-498d-b7d9-6f567cf065cd"
            },
          [31m-[0m[0m {
              [31m-[0m[0m certificate_permissions = []
              [31m-[0m[0m key_permissions         = []
              [31m-[0m[0m object_id               = "0a4c3a8a-a3d1-4dd7-a025-6fee3c09fee9"
              [31m-[0m[0m secret_permissions      = [
                  [31m-[0m[0m "Get",
                  [31m-[0m[0m "List",
                ]
              [31m-[0m[0m storage_permissions     = []
              [31m-[0m[0m tenant_id               = "32bfacf3-8eb1-498d-b7d9-6f567cf065cd"
                [90m# (1 unchanged attribute hidden)[0m[0m
            },
        ]
        id                              = "/subscriptions/85de16ef-7645-417d-acff-f5bee9c2e45e/resourceGroups/guardium-test-postgresql-rg-clbr4l/providers/Microsoft.KeyVault/vaults/guardium-test-kv"
        name                            = "guardium-test-kv"
        tags                            = {
            "Environment"   = "development"
            "GeneratedFrom" = "Phase1"
            "ManagedBy"     = "terraform-rr-agent"
            "Phase"         = "2"
            "Purpose"       = "guardium-va-config"
        }
        [90m# (12 unchanged attributes hidden)[0m[0m

        [90m# (1 unchanged block hidden)[0m[0m
    }

[1m  # module.azure_postgresql_va_config.azurerm_linux_function_app.va_config_function[0m will be updated in-place
[0m  [33m~[0m[0m resource "azurerm_linux_function_app" "va_config_function" {
      [33m~[0m[0m app_settings                                   = {
          [31m-[0m[0m "SCM_DO_BUILD_DURING_DEPLOYMENT" = "false" [90m-> null[0m[0m
            [90m# (5 unchanged elements hidden)[0m[0m
        }
        id                                             = "/subscriptions/85de16ef-7645-417d-acff-f5bee9c2e45e/resourceGroups/guardium-test-postgresql-rg-clbr4l/providers/Microsoft.Web/sites/guardium-test-postgresql-va-func"
        name                                           = "guardium-test-postgresql-va-func"
        tags                                           = {
            "Environment"   = "development"
            "GeneratedFrom" = "Phase1"
            "ManagedBy"     = "terraform-rr-agent"
            "Phase"         = "2"
            "Purpose"       = "guardium-va-config"
        }
        [90m# (31 unchanged attributes hidden)[0m[0m

        [90m# (2 unchanged blocks hidden)[0m[0m
    }

[1mPlan:[0m [0m2 to add, 2 to change, 0 to destroy.

Changes to Outputs:
  [32m+[0m[0m datasource_registered         = true
  [33m~[0m[0m next_steps                    = <<-EOT
        VA infrastructure deployed successfully!
            
        Next steps:
        1. Wait 5-10 minutes for Function App deployment to complete
        2. Get function key:
           az functionapp keys list --resource-group guardium-test-postgresql-rg-clbr4l --name guardium-test-postgresql-va-func --query "functionKeys.default" -o tsv
        3. Invoke function to create sqlguard user:
           curl -X POST "https://guardium-test-postgresql-va-func.azurewebsites.net/api/PostgreSQLVAConfig?code=<key>" -H "Content-Type: application/json" -d '{}'
      [31m-[0m[0m 4. Configure Guardium datasource using:
      [31m-[0m[0m    - Host: guardium-test-postgresql-clbr4l.postgres.database.azure.com
      [31m-[0m[0m    - Port: 5432
      [31m-[0m[0m    - Database: postgresdb
      [31m-[0m[0m    - Username: sqlguard
      [31m-[0m[0m    - Password: <sqlguard_password>
      [32m+[0m[0m 4. Datasource automatically registered in Guardium (if enable_vulnerability_assessment = true)
      [32m+[0m[0m 5. VA scans scheduled according to assessment_schedule configuration
    EOT
  [32m+[0m[0m va_schedule_configured        = true
[31m╷[0m[0m
[31m│[0m [0m[1m[31mError: [0m[0m[1mUnsupported attribute[0m
[31m│[0m [0m
[31m│[0m [0m[0m  on outputs.tf line 73, in output "datasource_id":
[31m│[0m [0m  73:   value       = var.enable_vulnerability_assessment ? module.azure_postgresql_gdp_connection[0][4m.datasource_id[0m : null[0m
[31m│[0m [0m    [90m├────────────────[0m
[31m│[0m [0m[0m    [90m│[0m [1mmodule.azure_postgresql_gdp_connection[0][0m is object with 3 attributes
[31m│[0m [0m[0m
[31m│[0m [0mThis object does not have an attribute named "datasource_id".
[31m╵[0m[0m
